Microchip MPLAB XC8 Compiler V2.41

Linker command line:

-W-3 \
  --edf=C:\Program Files\Microchip\xc8\v2.41\pic\dat\20230208172133_en.msgs \
  -cn \
  -h+dist/default/production\PIC16F877A_Bipolar_Stepper.X.production.sym \
  --cmf=dist/default/production\PIC16F877A_Bipolar_Stepper.X.production.cmf \
  -z -Q16F877A -oC:\Users\84935\AppData\Local\Temp\xcAsfuo.\driver_tmp_3.o \
  --defsym=__MPLAB_BUILD=1 --fixupoverflow=error \
  -Mdist/default/production/PIC16F877A_Bipolar_Stepper.X.production.map \
  --md=C:\Users\84935\AppData\Local\Temp\xcAsfuo.\driver_tmp_0.dat -E1 \
  -ver=XC8 Compiler --acfsm=1493 -ACODE=00h-07FFhx4 -ASTRCODE=00h-01FFFh \
  -ASTRING=00h-0FFhx32 -ACONST=00h-0FFhx32 -AENTRY=00h-0FFhx32 \
  -ACOMMON=070h-07Fh -ABANK0=020h-06Fh -ABANK1=0A0h-0EFh \
  -ABANK2=0110h-016Fh -ABANK3=0190h-01EFh \
  -ARAM=020h-06Fh,0A0h-0EFh,0110h-016Fh,0190h-01EFh \
  -AABS1=020h-07Fh,0A0h-0EFh,0110h-016Fh,0190h-01EFh -ASFR0=00h-01Fh \
  -ASFR1=080h-09Fh -ASFR2=0100h-010Fh -ASFR3=0180h-018Fh \
  -ACONFIG=02007h-02007h -DCONFIG=2 -AIDLOC=02000h-02003h -DIDLOC=2 \
  -AEEDATA=00h-0FFh/02100h -peeprom_data=EEDATA -DEEDATA=2 -DCODE=2 \
  -DSTRCODE=2 -DSTRING=2 -DCONST=2 -DENTRY=2 \
  -preset_vec=00h,intentry=04h,init,end_init -ppowerup=CODE -pcinit=CODE \
  -pfunctab=ENTRY -k \
  C:\Users\84935\AppData\Local\Temp\xcAsfuo.\driver_tmp_17.o \
  dist/default/production\PIC16F877A_Bipolar_Stepper.X.production.o 

Object code version is 3.11

Machine type is 16F877A



                Name                               Link     Load   Length Selector   Space Scale
C:\Users\84935\AppData\Local\Temp\xcAsfuo.\driver_tmp_17.o
                end_init                             12       12        3        8       0
                reset_vec                             0        0        3        0       0
                config                             2007     2007        1        0       4
                idloc                              2000     2000        4        0       5
dist/default/production\PIC16F877A_Bipolar_Stepper.X.production.o
                cinit                                15       15       17        8       0
                intentry                              4        4        E        8       0
                config                             2007     2007        1        0       4
                idloc                              2000     2000        4        0       5
                text13                              36B      36B       48      6D6       0
                text12                              43F      43F        6      6D6       0
                text11                              3D4      3D4       21      6D6       0
                text10                               B9       B9       8D        8       0
                text9                               258      258       79        8       0
                text8                               1CF      1CF       89        8       0
                text7                               432      432        7      6D6       0
                text6                               445      445        5      6D6       0
                text5                               439      439        6      6D6       0
                text4                               3B3      3B3       21      6D6       0
                text3                                2C       2C       8D        8       0
                text2                               146      146       89        8       0
                text1                               415      415       15      6D6       0
                maintext                            3F5      3F5       20      6D6       0
                cstackBANK0                          20       20       27       20       1
                cstackCOMMON                         70       70        B       70       1
                cstackBANK1                          A0       A0        4       A0       1
                clrtext                             42A      42A        8      6D6       0
                dataBANK0                            5A       5A        2       20       1
                bssBANK0                             47       47       13       20       1
                strings                             300      300       6B      600       0
                idataBANK0                          44A      44A        2      6D6       0

TOTAL           Name                               Link     Load   Length     Space
        CLASS   CODE           
                end_init                             12       12        3         0
                cinit                                15       15       17         0
                intentry                              4        4        E         0
                reset_vec                             0        0        3         0
                text13                              36B      36B       48         0
                text12                              43F      43F        6         0
                text11                              3D4      3D4       21         0
                text10                               B9       B9       8D         0
                text9                               258      258       79         0
                text8                               1CF      1CF       89         0
                text7                               432      432        7         0
                text6                               445      445        5         0
                text5                               439      439        6         0
                text4                               3B3      3B3       21         0
                text3                                2C       2C       8D         0
                text2                               146      146       89         0
                text1                               415      415       15         0
                maintext                            3F5      3F5       20         0
                clrtext                             42A      42A        8         0
                idataBANK0                          44A      44A        2         0

        CLASS   STRCODE        

        CLASS   STRING         
                strings                             300      300       6B         0

        CLASS   CONST          

        CLASS   ENTRY          

        CLASS   COMMON         
                cstackCOMMON                         70       70        B         1

        CLASS   BANK0          
                cstackBANK0                          20       20       27         1
                dataBANK0                            5A       5A        2         1
                bssBANK0                             47       47       13         1

        CLASS   BANK1          
                cstackBANK1                          A0       A0        4         1

        CLASS   BANK2          

        CLASS   BANK3          

        CLASS   RAM            

        CLASS   ABS1           
                abs_s1                               7E       7E        2         1

        CLASS   SFR0           

        CLASS   SFR1           

        CLASS   SFR2           

        CLASS   SFR3           

        CLASS   CONFIG         
                config                             2007     2007        1         4

        CLASS   IDLOC          
                idloc                              2000     2000        4         5

        CLASS   EEDATA         

        CLASS   STACK          



SEGMENTS        Name                           Load    Length   Top    Selector   Space  Class     Delta

                reset_vec                      000000  000003  000003         0       0  CODE        2
                intentry                       000004  0002CD  0002D1         8       0  CODE        2
                cstackBANK0                    000020  00003C  00005C        20       1  BANK0       1
                cstackCOMMON                   000070  00000B  00007B        70       1  COMMON      1
                cstackBANK1                    0000A0  000004  0000A4        A0       1  BANK1       1
                strings                        000300  00006B  00036B       600       0  STRING      2
                text13                         00036B  0000E1  00044C       6D6       0  CODE        2


UNUSED ADDRESS RANGES

        Name                Unused          Largest block    Delta
        BANK0            005C-006F             14           1
        BANK1            00A4-00EF             4C           1
        BANK2            0110-016F             60           1
        BANK3            0190-01EF             60           1
        CODE             0003-0003              1           2
                         02D1-02FF             2F
                         044C-1FFF            800
        COMMON           007B-007D              3           1
        CONST            0003-0003              1           2
                         02D1-02FF             2F
                         044C-1FFF            100
        EEDATA           2100-21FF            100           2
        ENTRY            0003-0003              1           2
                         02D1-02FF             2F
                         044C-1FFF            100
        RAM              005C-006F             14           1
                         00A4-00EF             4C
                         0110-016F             60
                         0190-01EF             60
        SFR0             0000-001F             20           1
        SFR1             0080-009F             20           1
        SFR2             0100-010F             10           1
        SFR3             0180-018F             10           1
        STRCODE          0003-0003              1           2
                         02D1-02FF             2F
                         044C-1FFF           1BB4
        STRING           0003-0003              1           2
                         02D1-02FF             2F
                         044C-1FFF            100

                                  Symbol Table

?___aldiv                  cstackBANK0  0033
?_sprintf                  cstackCOMMON 0070
?i1___aldiv                cstackCOMMON 0070
Speed_Control@PWM_FREQ     cstackBANK0  0042
Speed_Control@PWM_RANGE    cstackBANK1  00A0
Speed_Control@State        cstackBANK0  0044
Speed_Control@dutyCycle    cstackBANK1  00A2
UART_sendChar@data         cstackBANK0  0033
UART_sendString@str        cstackBANK0  0034
_BRGH                      (abs)        04C2
_CCP1CONbits               (abs)        0017
_CCP1M2                    (abs)        00BA
_CCP1M3                    (abs)        00BB
_CCPR1L                    (abs)        0015
_CREN                      (abs)        00C4
_ExtInt_Init               text7        0432
_GIE                       (abs)        005F
_INTE                      (abs)        005C
_INTEDG                    (abs)        040E
_INTF                      (abs)        0059
_ISR                       text8        01CF
_OERR                      (abs)        00C1
_PEIE                      (abs)        005E
_PR2                       (abs)        0092
_PWM_Init                  text6        0445
_RB0                       (abs)        0030
_RCIE                      (abs)        0465
_RCIF                      (abs)        0065
_RCREG                     (abs)        001A
_RD0                       (abs)        0040
_RD1                       (abs)        0041
_RX9                       (abs)        00C6
_SPBRG                     (abs)        0099
_SPEN                      (abs)        00C7
_SYNC                      (abs)        04C4
_Speed_Control             text2        0146
_T2CKPS0                   (abs)        0090
_T2CKPS1                   (abs)        0091
_TMR2ON                    (abs)        0092
_TRISB0                    (abs)        0430
_TRISC2                    (abs)        043A
_TRISCbits                 (abs)        0087
_TX9                       (abs)        04C6
_TXEN                      (abs)        04C5
_TXIF                      (abs)        0064
_TXREG                     (abs)        0019
_UART_Init                 text1        0415
_UART_sendChar             text5        0439
_UART_sendString           text4        03B3
__H__absolute__            __absolute__ 0000
__Habs1                    abs1         0000
__Hbank0                   bank0        0000
__Hbank1                   bank1        0000
__Hbank2                   bank2        0000
__Hbank3                   bank3        0000
__HbssBANK0                bssBANK0     0000
__Hcinit                   cinit        002C
__Hclrtext                 clrtext      0000
__Hcode                    code         0000
__Hcommon                  common       0000
__Hconfig                  config       2008
__HcstackBANK0             cstackBANK0  0000
__HcstackBANK1             cstackBANK1  0000
__HcstackCOMMON            cstackCOMMON 0000
__HdataBANK0               dataBANK0    0000
__Heeprom_data             eeprom_data  0000
__Hend_init                end_init     0015
__Hfunctab                 functab      0000
__HidataBANK0              idataBANK0   0000
__Hidloc                   idloc        2004
__Hinit                    init         0012
__Hintentry                intentry     0012
__Hmaintext                maintext     0000
__Hpowerup                 powerup      0000
__Hram                     ram          0000
__Hreset_vec               reset_vec    0003
__Hsfr0                    sfr0         0000
__Hsfr1                    sfr1         0000
__Hsfr2                    sfr2         0000
__Hsfr3                    sfr3         0000
__Hspace_0                 (abs)        044C
__Hspace_1                 (abs)        00A4
__Hspace_2                 (abs)        0000
__Hspace_3                 (abs)        0000
__Hspace_4                 (abs)        400F
__Hstack                   stack        0000
__Hstrings                 strings      0000
__Htext                    text         0000
__L__absolute__            __absolute__ 0000
__Labs1                    abs1         0000
__Lbank0                   bank0        0000
__Lbank1                   bank1        0000
__Lbank2                   bank2        0000
__Lbank3                   bank3        0000
__LbssBANK0                bssBANK0     0000
__Lcinit                   cinit        0015
__Lclrtext                 clrtext      0000
__Lcode                    code         0000
__Lcommon                  common       0000
__Lconfig                  config       0000
__LcstackBANK0             cstackBANK0  0000
__LcstackBANK1             cstackBANK1  0000
__LcstackCOMMON            cstackCOMMON 0000
__LdataBANK0               dataBANK0    0000
__Leeprom_data             eeprom_data  0000
__Lend_init                end_init     0012
__Lfunctab                 functab      0000
__LidataBANK0              idataBANK0   0000
__Lidloc                   idloc        0000
__Linit                    init         0012
__Lintentry                intentry     0004
__Lmaintext                maintext     0000
__Lpowerup                 powerup      0000
__Lram                     ram          0000
__Lreset_vec               reset_vec    0000
__Lsfr0                    sfr0         0000
__Lsfr1                    sfr1         0000
__Lsfr2                    sfr2         0000
__Lsfr3                    sfr3         0000
__Lspace_0                 (abs)        0000
__Lspace_1                 (abs)        0000
__Lspace_2                 (abs)        0000
__Lspace_3                 (abs)        0000
__Lspace_4                 (abs)        0000
__Lstack                   stack        0000
__Lstrings                 strings      0000
__Ltext                    text         0000
__S0                       (abs)        044C
__S1                       (abs)        00A4
__S3                       (abs)        0000
___aldiv                   text3        002C
___aldiv@counter           cstackBANK0  003C
___aldiv@dividend          cstackBANK0  0037
___aldiv@divisor           cstackBANK0  0033
___aldiv@quotient          cstackBANK0  003E
___aldiv@sign              cstackBANK0  003D
___int_sp                  stack        0000
___latbits                 (abs)        0002
___sp                      stack        0000
___stackhi                 (abs)        0000
___stacklo                 (abs)        0000
__end_of_ExtInt_Init       text7        0439
__end_of_ISR               text8        0258
__end_of_PWM_Init          text6        044A
__end_of_Speed_Control     text2        01CF
__end_of_UART_Init         text1        042A
__end_of_UART_sendChar     text5        043F
__end_of_UART_sendString   text4        03D4
__end_of___aldiv           text3        00B9
__end_of__initialization   cinit        0028
__end_of__stringtab        strings      0310
__end_of_main              maintext     0415
__end_of_sprintf           text13       03B3
__end_ofi1_Speed_Control   text9        02D1
__end_ofi1_UART_sendChar   text12       0445
__end_ofi1_UART_sendString text11       03F5
__end_ofi1___aldiv         text10       0146
__initialization           cinit        0015
__pbssBANK0                bssBANK0     0047
__pcstackBANK0             cstackBANK0  0020
__pcstackBANK1             cstackBANK1  00A0
__pcstackCOMMON            cstackCOMMON 0070
__pdataBANK0               dataBANK0    005A
__pidataBANK0              idataBANK0   044A
__pintentry                intentry     0004
__pmaintext                maintext     03F5
__pstrings                 strings      0300
__ptext1                   text1        0415
__ptext10                  text10       00B9
__ptext11                  text11       03D4
__ptext12                  text12       043F
__ptext13                  text13       036B
__ptext2                   text2        0146
__ptext3                   text3        002C
__ptext4                   text4        03B3
__ptext5                   text5        0439
__ptext6                   text6        0445
__ptext7                   text7        0432
__ptext8                   text8        01CF
__ptext9                   text9        0258
__stringbase               strings      030F
__stringtab                strings      0300
_command                   bssBANK0     0047
_main                      maintext     03F5
_mode                      bssBANK0     0048
_motor_freq                dataBANK0    005A
_rcvStr                    bssBANK0     0049
_sprintf                   text13       036B
btemp                      (abs)        007E
clear_ram0                 clrtext      042A
end_of_initialization      cinit        0028
i1Speed_Control@PWM_FREQ   cstackBANK0  0026
i1Speed_Control@PWM_RANGE  cstackBANK0  0029
i1Speed_Control@State      cstackBANK0  0028
i1Speed_Control@dutyCycle  cstackBANK0  002B
i1UART_sendChar@data       cstackCOMMON 0070
i1UART_sendString@str      cstackCOMMON 0071
i1_Speed_Control           text9        0258
i1_UART_sendChar           text12       043F
i1_UART_sendString         text11       03D4
i1___aldiv                 text10       00B9
i1___aldiv@counter         cstackBANK0  0020
i1___aldiv@dividend        cstackCOMMON 0074
i1___aldiv@divisor         cstackCOMMON 0070
i1___aldiv@quotient        cstackBANK0  0022
i1___aldiv@sign            cstackBANK0  0021
interrupt_function         intentry     0004
intlevel0                  functab      0000
intlevel1                  functab      0000
intlevel2                  functab      0000
intlevel3                  functab      0000
intlevel4                  functab      0000
intlevel5                  functab      0000
reset_vec                  reset_vec    0000
saved_w                    (abs)        007E
sprintf@ap                 cstackCOMMON 0075
sprintf@c                  cstackCOMMON 0076
sprintf@f                  cstackCOMMON 0070
sprintf@sp                 cstackCOMMON 0077
start                      init         0012
start_initialization       cinit        0015
wtemp0                     (abs)        007E


MODULE INFORMATION

Module		Function		Class		Link	Load	Size
UART.c
		_UART_sendString		CODE           	03B3	0000	33
		_UART_Init     		CODE           	0415	0000	21
		_UART_sendChar 		CODE           	0439	0000	6

UART.c estimated size: 60

Bipolar_Stepper.c
		_ISR           		CODE           	01CF	0000	137
		_main          		CODE           	03F5	0000	32
		_Speed_Control 		CODE           	0146	0000	137
		_ExtInt_Init   		CODE           	0432	0000	7
		_PWM_Init      		CODE           	0445	0000	5

Bipolar_Stepper.c estimated size: 318

C:\Program Files\Microchip\xc8\v2.41\pic\sources\c90\common\aldiv.c
		___aldiv       		CODE           	002C	0000	141

C:\Program Files\Microchip\xc8\v2.41\pic\sources\c90\common\aldiv.c estimated size: 141

shared
		__stringtab    		STRING         	0300	0000	16
		i1_Speed_Control		CODE           	0258	0000	121
		__initialization		CODE           	0015	0000	19
		i1_UART_sendString		CODE           	03D4	0000	33
		i1___aldiv     		CODE           	00B9	0000	141
		i1_UART_sendChar		CODE           	043F	0000	6

shared estimated size: 336

C:\Program Files\Microchip\xc8\v2.41\pic\sources\c90\common\doprnt.c
		_sprintf       		CODE           	036B	0000	72

C:\Program Files\Microchip\xc8\v2.41\pic\sources\c90\common\doprnt.c estimated size: 72

